// Jest Snapshot v1, https://goo.gl/fbAQLP

exports[`Course Add Form renders correctly 1`] = `
Object {
  "asFragment": [Function],
  "baseElement": <body>
    <div>
      <div
        class=" p-20 txt-align mx-auto mt-10 "
      >
        <h1>
          Create a course!
        </h1>
        <p
          class="text-danger"
        />
        <form
          class=""
        >
          <div
            class="mt-10 mb-10 d-flex flex-column "
          >
            <div
              class="input-group mb-3"
            >
              <div
                class="input-group-prepend"
              >
                <span
                  class="input-group-text"
                  id="basic-addon1"
                >
                  Course Title
                </span>
              </div>
              <input
                aria-describedby="basic-addon1"
                class="form-control"
                id="title"
                name="title"
                placeholder="e.g. Crash Course in Java"
                type="text"
              />
            </div>
            <div
              class="input-group mb-3"
            >
              <div
                class="input-group-prepend"
              >
                <span
                  class="input-group-text"
                  id="basic-addon1"
                >
                  Duration(hrs)
                </span>
              </div>
              <input
                aria-describedby="basic-addon1"
                class="form-control"
                id="duration"
                name="duration"
                placeholder="e.g. 1.0 or 2.5"
                type="text"
              />
            </div>
            <div
              class="d-flex justify-content-between w-75 mb-10"
            >
              <div
                class="input-group mb-3 "
              >
                <div
                  class="input-group-prepend"
                >
                  <span
                    class="input-group-text "
                  >
                    Categories
                  </span>
                </div>
                <select
                  class="custom-select w-50"
                  id="category"
                  name="category"
                >
                  <option
                    value="0"
                  >
                    --
                  </option>
                  ;
                </select>
              </div>
            </div>
            <button
              class="btn btn-dark btn-sm btn-block"
              type="submit"
            >
              Create Course
            </button>
          </div>
        </form>
      </div>
    </div>
  </body>,
  "container": <div>
    <div
      class=" p-20 txt-align mx-auto mt-10 "
    >
      <h1>
        Create a course!
      </h1>
      <p
        class="text-danger"
      />
      <form
        class=""
      >
        <div
          class="mt-10 mb-10 d-flex flex-column "
        >
          <div
            class="input-group mb-3"
          >
            <div
              class="input-group-prepend"
            >
              <span
                class="input-group-text"
                id="basic-addon1"
              >
                Course Title
              </span>
            </div>
            <input
              aria-describedby="basic-addon1"
              class="form-control"
              id="title"
              name="title"
              placeholder="e.g. Crash Course in Java"
              type="text"
            />
          </div>
          <div
            class="input-group mb-3"
          >
            <div
              class="input-group-prepend"
            >
              <span
                class="input-group-text"
                id="basic-addon1"
              >
                Duration(hrs)
              </span>
            </div>
            <input
              aria-describedby="basic-addon1"
              class="form-control"
              id="duration"
              name="duration"
              placeholder="e.g. 1.0 or 2.5"
              type="text"
            />
          </div>
          <div
            class="d-flex justify-content-between w-75 mb-10"
          >
            <div
              class="input-group mb-3 "
            >
              <div
                class="input-group-prepend"
              >
                <span
                  class="input-group-text "
                >
                  Categories
                </span>
              </div>
              <select
                class="custom-select w-50"
                id="category"
                name="category"
              >
                <option
                  value="0"
                >
                  --
                </option>
                ;
              </select>
            </div>
          </div>
          <button
            class="btn btn-dark btn-sm btn-block"
            type="submit"
          >
            Create Course
          </button>
        </div>
      </form>
    </div>
  </div>,
  "debug": [Function],
  "findAllByAltText": [Function],
  "findAllByDisplayValue": [Function],
  "findAllByLabelText": [Function],
  "findAllByPlaceholderText": [Function],
  "findAllByRole": [Function],
  "findAllByTestId": [Function],
  "findAllByText": [Function],
  "findAllByTitle": [Function],
  "findByAltText": [Function],
  "findByDisplayValue": [Function],
  "findByLabelText": [Function],
  "findByPlaceholderText": [Function],
  "findByRole": [Function],
  "findByTestId": [Function],
  "findByText": [Function],
  "findByTitle": [Function],
  "getAllByAltText": [Function],
  "getAllByDisplayValue": [Function],
  "getAllByLabelText": [Function],
  "getAllByPlaceholderText": [Function],
  "getAllByRole": [Function],
  "getAllByTestId": [Function],
  "getAllByText": [Function],
  "getAllByTitle": [Function],
  "getByAltText": [Function],
  "getByDisplayValue": [Function],
  "getByLabelText": [Function],
  "getByPlaceholderText": [Function],
  "getByRole": [Function],
  "getByTestId": [Function],
  "getByText": [Function],
  "getByTitle": [Function],
  "queryAllByAltText": [Function],
  "queryAllByDisplayValue": [Function],
  "queryAllByLabelText": [Function],
  "queryAllByPlaceholderText": [Function],
  "queryAllByRole": [Function],
  "queryAllByTestId": [Function],
  "queryAllByText": [Function],
  "queryAllByTitle": [Function],
  "queryByAltText": [Function],
  "queryByDisplayValue": [Function],
  "queryByLabelText": [Function],
  "queryByPlaceholderText": [Function],
  "queryByRole": [Function],
  "queryByTestId": [Function],
  "queryByText": [Function],
  "queryByTitle": [Function],
  "rerender": [Function],
  "unmount": [Function],
}
`;
